[0.032s] Invoking command in '/home/maria/ros2_coche/build/nmea_msgs': /usr/bin/cmake /home/maria/ros2_coche/src/nmea_msgs -DCMAKE_INSTALL_PREFIX=/home/maria/ros2_coche/install/nmea_msgs
[0.228s] -- The C compiler identification is GNU 11.3.0
[0.448s] -- The CXX compiler identification is GNU 11.3.0
[0.466s] -- Detecting C compiler ABI info
[0.710s] -- Detecting C compiler ABI info - done
[0.746s] -- Check for working C compiler: /usr/bin/cc - skipped
[0.746s] -- Detecting C compile features
[0.748s] -- Detecting C compile features - done
[0.759s] -- Detecting CXX compiler ABI info
[1.055s] -- Detecting CXX compiler ABI info - done
[1.086s] -- Check for working CXX compiler: /usr/bin/c++ - skipped
[1.087s] -- Detecting CXX compile features
[1.089s] -- Detecting CXX compile features - done
[1.096s] -- Found ament_cmake: 1.3.3 (/opt/ros/humble/share/ament_cmake/cmake)
[1.669s] -- Found Python3: /usr/bin/python3.10 (found version "3.10.6") found components: Interpreter 
[1.897s] -- Found std_msgs: 4.2.3 (/opt/ros/humble/share/std_msgs/cmake)
[2.008s] -- Found rosidl_generator_c: 3.1.4 (/opt/ros/humble/share/rosidl_generator_c/cmake)
[2.024s] -- Found rosidl_adapter: 3.1.4 (/opt/ros/humble/share/rosidl_adapter/cmake)
[2.052s] -- Found rosidl_generator_cpp: 3.1.4 (/opt/ros/humble/share/rosidl_generator_cpp/cmake)
[2.092s] -- Using all available rosidl_typesupport_c: rosidl_typesupport_fastrtps_c;rosidl_typesupport_introspection_c
[2.146s] -- Using all available rosidl_typesupport_cpp: rosidl_typesupport_fastrtps_cpp;rosidl_typesupport_introspection_cpp
[2.273s] -- Found rosidl_default_generators: 1.2.0 (/opt/ros/humble/share/rosidl_default_generators/cmake)
[3.014s] Error parsing '/home/maria/ros2_coche/src/nmea_msgs/package.xml':
[3.169s] Traceback (most recent call last):
[3.169s]   File "/usr/lib/python3/dist-packages/catkin_pkg/package.py", line 610, in parse_package_string
[3.170s]     root = dom.parseString(data)
[3.170s]   File "/usr/lib/python3.10/xml/dom/minidom.py", line 1998, in parseString
[3.171s]     return expatbuilder.parseString(string)
[3.171s]   File "/usr/lib/python3.10/xml/dom/expatbuilder.py", line 925, in parseString
[3.172s]     return builder.parseString(string)
[3.172s]   File "/usr/lib/python3.10/xml/dom/expatbuilder.py", line 223, in parseString
[3.173s]     parser.Parse(string, True)
[3.173s] xml.parsers.expat.ExpatError: mismatched tag: line 23, column 2
[3.173s] 
[3.173s] During handling of the above exception, another exception occurred:
[3.173s] 
[3.174s] Traceback (most recent call last):
[3.174s]   File "/opt/ros/humble/share/ament_cmake_core/cmake/core/package_xml_2_cmake.py", line 150, in <module>
[3.174s]     main()
[3.174s]   File "/opt/ros/humble/share/ament_cmake_core/cmake/core/package_xml_2_cmake.py", line 53, in main
[3.174s]     raise e
[3.174s]   File "/opt/ros/humble/share/ament_cmake_core/cmake/core/package_xml_2_cmake.py", line 49, in main
[3.175s]     package = parse_package_string(
[3.175s]   File "/usr/lib/python3/dist-packages/catkin_pkg/package.py", line 612, in parse_package_string
[3.175s]     raise InvalidPackage('The manifest contains invalid XML:\n%s' % ex, filename)
[3.175s] catkin_pkg.package.InvalidPackage: Error(s) in package '/home/maria/ros2_coche/src/nmea_msgs/package.xml':
[3.175s] The manifest contains invalid XML:
[3.176s] mismatched tag: line 23, column 2
[3.217s] [31mCMake Error at /opt/ros/humble/share/ament_cmake_core/cmake/core/ament_package_xml.cmake:95 (message):
[3.217s]   execute_process(/usr/bin/python3.10
[3.218s]   /opt/ros/humble/share/ament_cmake_core/cmake/core/package_xml_2_cmake.py
[3.218s]   /home/maria/ros2_coche/src/nmea_msgs/package.xml
[3.219s]   /home/maria/ros2_coche/build/nmea_msgs/ament_cmake_core/package.cmake)
[3.219s]   returned error code 1
[3.219s] Call Stack (most recent call first):
[3.219s]   /opt/ros/humble/share/ament_cmake_core/cmake/core/ament_package_xml.cmake:49 (_ament_package_xml)
[3.220s]   /opt/ros/humble/share/rosidl_cmake/cmake/rosidl_generate_interfaces.cmake:226 (ament_package_xml)
[3.220s]   CMakeLists.txt:21 (rosidl_generate_interfaces)
[3.220s] 
[3.220s] [0m
[3.221s] -- Configuring incomplete, errors occurred!
[3.221s] See also "/home/maria/ros2_coche/build/nmea_msgs/CMakeFiles/CMakeOutput.log".
[3.244s] Invoked command in '/home/maria/ros2_coche/build/nmea_msgs' returned '1': /usr/bin/cmake /home/maria/ros2_coche/src/nmea_msgs -DCMAKE_INSTALL_PREFIX=/home/maria/ros2_coche/install/nmea_msgs
