[0.000000] (-) TimerEvent: {}
[0.000179] (c4_gps) JobQueued: {'identifier': 'c4_gps', 'dependencies': OrderedDict()}
[0.000228] (nmea_msgs) JobQueued: {'identifier': 'nmea_msgs', 'dependencies': OrderedDict()}
[0.000263] (c4_gps) JobStarted: {'identifier': 'c4_gps'}
[0.012943] (nmea_msgs) JobStarted: {'identifier': 'nmea_msgs'}
[0.030818] (c4_gps) JobProgress: {'identifier': 'c4_gps', 'progress': 'cmake'}
[0.032219] (c4_gps) JobProgress: {'identifier': 'c4_gps', 'progress': 'build'}
[0.034470] (c4_gps) Command: {'cmd': ['/usr/bin/cmake', '--build', '/home/maria/ros2_coche/build/c4_gps', '--', '-j12', '-l12'], 'cwd': '/home/maria/ros2_coche/build/c4_gps', 'env': OrderedDict([('LESSOPEN', '| /usr/bin/lesspipe %s'), ('KDE_FULL_SESSION', 'true'), ('USER', 'maria'), ('PAM_KWALLET5_LOGIN', '/run/user/1000/kwallet5.socket'), ('LC_TIME', 'es_ES.UTF-8'), ('XDG_SEAT', 'seat0'), ('SSH_AGENT_PID', '1420'), ('XDG_SESSION_TYPE', 'x11'), ('GIT_ASKPASS', '/usr/share/code/resources/app/extensions/git/dist/askpass.sh'), ('XCURSOR_SIZE', '24'), ('SHLVL', '1'), ('LD_LIBRARY_PATH', '/opt/ros/humble/opt/rviz_ogre_vendor/lib:/opt/ros/humble/lib/x86_64-linux-gnu:/opt/ros/humble/lib'), ('HOME', '/home/maria'), ('CHROME_DESKTOP', 'code-url-handler.desktop'), ('KDE_APPLICATIONS_AS_SCOPE', '1'), ('OLDPWD', '/home/maria/ros2_coche/build/nmea_msgs'), ('TERM_PROGRAM_VERSION', '1.76.1'), ('DESKTOP_SESSION', 'plasma'), ('ROS_PYTHON_VERSION', '3'), ('GTK_RC_FILES', '/etc/gtk/gtkrc:/home/maria/.gtkrc:/home/maria/.config/gtkrc'), ('XDG_SEAT_PATH', '/org/freedesktop/DisplayManager/Seat0'), ('KDE_SESSION_VERSION', '5'), ('VSCODE_GIT_ASKPASS_MAIN', '/usr/share/code/resources/app/extensions/git/dist/askpass-main.js'), ('LC_MONETARY', 'es_ES.UTF-8'), ('VSCODE_GIT_ASKPASS_NODE', '/usr/share/code/code'), ('SYSTEMD_EXEC_PID', '1267'), ('DBUS_SESSION_BUS_ADDRESS', 'unix:path=/run/user/1000/bus'), ('COLORTERM', 'truecolor'), ('IM_CONFIG_PHASE', '1'), ('ROS_DISTRO', 'humble'), ('LOGNAME', 'maria'), ('QT_AUTO_SCREEN_SCALE_FACTOR', '0'), ('_', '/usr/bin/colcon'), ('ROS_VERSION', '2'), ('XDG_SESSION_CLASS', 'user'), ('TERM', 'xterm-256color'), ('XDG_SESSION_ID', '3'), ('ROS_LOCALHOST_ONLY', '0'), ('GTK2_RC_FILES', '/etc/gtk-2.0/gtkrc:/home/maria/.gtkrc-2.0:/home/maria/.config/gtkrc-2.0'), ('PATH', '/opt/ros/humble/bin:/usr/local/sbin:/usr/local/bin:/usr/sbin:/usr/bin:/sbin:/bin:/usr/games:/usr/local/games:/snap/bin'), ('SESSION_MANAGER', 'local/kubuntu:@/tmp/.ICE-unix/1577,unix/kubuntu:/tmp/.ICE-unix/1577'), ('XDG_SESSION_PATH', '/org/freedesktop/DisplayManager/Session1'), ('LC_ADDRESS', 'es_ES.UTF-8'), ('XDG_RUNTIME_DIR', '/run/user/1000'), ('XCURSOR_THEME', 'breeze_cursors'), ('GDK_BACKEND', 'x11'), ('DISPLAY', ':0'), ('LANG', 'en_US.UTF-8'), ('XDG_CURRENT_DESKTOP', 'KDE'), ('LC_TELEPHONE', 'es_ES.UTF-8'), ('XDG_SESSION_DESKTOP', 'KDE'), ('XAUTHORITY', '/home/maria/.Xauthority'), ('LS_COLORS', 'rs=0:di=01;34:ln=01;36:mh=00:pi=40;33:so=01;35:do=01;35:bd=40;33;01:cd=40;33;01:or=40;31;01:mi=00:su=37;41:sg=30;43:ca=30;41:tw=30;42:ow=34;42:st=37;44:ex=01;32:*.tar=01;31:*.tgz=01;31:*.arc=01;31:*.arj=01;31:*.taz=01;31:*.lha=01;31:*.lz4=01;31:*.lzh=01;31:*.lzma=01;31:*.tlz=01;31:*.txz=01;31:*.tzo=01;31:*.t7z=01;31:*.zip=01;31:*.z=01;31:*.dz=01;31:*.gz=01;31:*.lrz=01;31:*.lz=01;31:*.lzo=01;31:*.xz=01;31:*.zst=01;31:*.tzst=01;31:*.bz2=01;31:*.bz=01;31:*.tbz=01;31:*.tbz2=01;31:*.tz=01;31:*.deb=01;31:*.rpm=01;31:*.jar=01;31:*.war=01;31:*.ear=01;31:*.sar=01;31:*.rar=01;31:*.alz=01;31:*.ace=01;31:*.zoo=01;31:*.cpio=01;31:*.7z=01;31:*.rz=01;31:*.cab=01;31:*.wim=01;31:*.swm=01;31:*.dwm=01;31:*.esd=01;31:*.jpg=01;35:*.jpeg=01;35:*.mjpg=01;35:*.mjpeg=01;35:*.gif=01;35:*.bmp=01;35:*.pbm=01;35:*.pgm=01;35:*.ppm=01;35:*.tga=01;35:*.xbm=01;35:*.xpm=01;35:*.tif=01;35:*.tiff=01;35:*.png=01;35:*.svg=01;35:*.svgz=01;35:*.mng=01;35:*.pcx=01;35:*.mov=01;35:*.mpg=01;35:*.mpeg=01;35:*.m2v=01;35:*.mkv=01;35:*.webm=01;35:*.webp=01;35:*.ogm=01;35:*.mp4=01;35:*.m4v=01;35:*.mp4v=01;35:*.vob=01;35:*.qt=01;35:*.nuv=01;35:*.wmv=01;35:*.asf=01;35:*.rm=01;35:*.rmvb=01;35:*.flc=01;35:*.avi=01;35:*.fli=01;35:*.flv=01;35:*.gl=01;35:*.dl=01;35:*.xcf=01;35:*.xwd=01;35:*.yuv=01;35:*.cgm=01;35:*.emf=01;35:*.ogv=01;35:*.ogx=01;35:*.aac=00;36:*.au=00;36:*.flac=00;36:*.m4a=00;36:*.mid=00;36:*.midi=00;36:*.mka=00;36:*.mp3=00;36:*.mpc=00;36:*.ogg=00;36:*.ra=00;36:*.wav=00;36:*.oga=00;36:*.opus=00;36:*.spx=00;36:*.xspf=00;36:'), ('VSCODE_GIT_IPC_HANDLE', '/run/user/1000/vscode-git-98fcad25c7.sock'), ('TERM_PROGRAM', 'vscode'), ('SSH_AUTH_SOCK', '/tmp/ssh-XXXXXXIFOrbN/agent.1284'), ('ROS_DOMAIN_ID', '7'), ('AMENT_PREFIX_PATH', '/opt/ros/humble'), ('ORIGINAL_XDG_CURRENT_DESKTOP', 'KDE'), ('SHELL', '/bin/bash'), ('LC_NAME', 'es_ES.UTF-8'), ('QT_ACCESSIBILITY', '1'), ('LESSCLOSE', '/usr/bin/lesspipe %s %s'), ('LC_MEASUREMENT', 'es_ES.UTF-8'), ('GPG_AGENT_INFO', '/run/user/1000/gnupg/S.gpg-agent:0:1'), ('LC_IDENTIFICATION', 'es_ES.UTF-8'), ('VSCODE_GIT_ASKPASS_EXTRA_ARGS', '--ms-enable-electron-run-as-node'), ('XDG_VTNR', '1'), ('PWD', '/home/maria/ros2_coche/build/c4_gps'), ('XDG_CONFIG_DIRS', '/home/maria/.config/kdedefaults:/etc/xdg/xdg-plasma:/etc/xdg:/usr/share/kubuntu-default-settings/kf5-settings'), ('XDG_DATA_DIRS', '/usr/share/plasma:/usr/local/share:/usr/share:/var/lib/snapd/desktop'), ('PYTHONPATH', '/opt/ros/humble/lib/python3.10/site-packages:/opt/ros/humble/local/lib/python3.10/dist-packages'), ('LC_NUMERIC', 'C'), ('LC_PAPER', 'es_ES.UTF-8'), ('KDE_SESSION_UID', '1000'), ('COLCON', '1'), ('CMAKE_PREFIX_PATH', '/opt/ros/humble')]), 'shell': False}
[0.041632] (nmea_msgs) JobProgress: {'identifier': 'nmea_msgs', 'progress': 'cmake'}
[0.043475] (nmea_msgs) Command: {'cmd': ['/usr/bin/cmake', '/home/maria/ros2_coche/src/nmea_msgs', '-DCMAKE_INSTALL_PREFIX=/home/maria/ros2_coche/install/nmea_msgs'], 'cwd': '/home/maria/ros2_coche/build/nmea_msgs', 'env': OrderedDict([('LESSOPEN', '| /usr/bin/lesspipe %s'), ('KDE_FULL_SESSION', 'true'), ('USER', 'maria'), ('PAM_KWALLET5_LOGIN', '/run/user/1000/kwallet5.socket'), ('LC_TIME', 'es_ES.UTF-8'), ('XDG_SEAT', 'seat0'), ('SSH_AGENT_PID', '1420'), ('XDG_SESSION_TYPE', 'x11'), ('GIT_ASKPASS', '/usr/share/code/resources/app/extensions/git/dist/askpass.sh'), ('XCURSOR_SIZE', '24'), ('SHLVL', '1'), ('LD_LIBRARY_PATH', '/opt/ros/humble/opt/rviz_ogre_vendor/lib:/opt/ros/humble/lib/x86_64-linux-gnu:/opt/ros/humble/lib'), ('HOME', '/home/maria'), ('CHROME_DESKTOP', 'code-url-handler.desktop'), ('KDE_APPLICATIONS_AS_SCOPE', '1'), ('OLDPWD', '/home/maria/ros2_coche/build/nmea_msgs'), ('TERM_PROGRAM_VERSION', '1.76.1'), ('DESKTOP_SESSION', 'plasma'), ('ROS_PYTHON_VERSION', '3'), ('GTK_RC_FILES', '/etc/gtk/gtkrc:/home/maria/.gtkrc:/home/maria/.config/gtkrc'), ('XDG_SEAT_PATH', '/org/freedesktop/DisplayManager/Seat0'), ('KDE_SESSION_VERSION', '5'), ('VSCODE_GIT_ASKPASS_MAIN', '/usr/share/code/resources/app/extensions/git/dist/askpass-main.js'), ('LC_MONETARY', 'es_ES.UTF-8'), ('VSCODE_GIT_ASKPASS_NODE', '/usr/share/code/code'), ('SYSTEMD_EXEC_PID', '1267'), ('DBUS_SESSION_BUS_ADDRESS', 'unix:path=/run/user/1000/bus'), ('COLORTERM', 'truecolor'), ('IM_CONFIG_PHASE', '1'), ('ROS_DISTRO', 'humble'), ('LOGNAME', 'maria'), ('QT_AUTO_SCREEN_SCALE_FACTOR', '0'), ('_', '/usr/bin/colcon'), ('ROS_VERSION', '2'), ('XDG_SESSION_CLASS', 'user'), ('TERM', 'xterm-256color'), ('XDG_SESSION_ID', '3'), ('ROS_LOCALHOST_ONLY', '0'), ('GTK2_RC_FILES', '/etc/gtk-2.0/gtkrc:/home/maria/.gtkrc-2.0:/home/maria/.config/gtkrc-2.0'), ('PATH', '/opt/ros/humble/bin:/usr/local/sbin:/usr/local/bin:/usr/sbin:/usr/bin:/sbin:/bin:/usr/games:/usr/local/games:/snap/bin'), ('SESSION_MANAGER', 'local/kubuntu:@/tmp/.ICE-unix/1577,unix/kubuntu:/tmp/.ICE-unix/1577'), ('XDG_SESSION_PATH', '/org/freedesktop/DisplayManager/Session1'), ('LC_ADDRESS', 'es_ES.UTF-8'), ('XDG_RUNTIME_DIR', '/run/user/1000'), ('XCURSOR_THEME', 'breeze_cursors'), ('GDK_BACKEND', 'x11'), ('DISPLAY', ':0'), ('LANG', 'en_US.UTF-8'), ('XDG_CURRENT_DESKTOP', 'KDE'), ('LC_TELEPHONE', 'es_ES.UTF-8'), ('XDG_SESSION_DESKTOP', 'KDE'), ('XAUTHORITY', '/home/maria/.Xauthority'), ('LS_COLORS', 'rs=0:di=01;34:ln=01;36:mh=00:pi=40;33:so=01;35:do=01;35:bd=40;33;01:cd=40;33;01:or=40;31;01:mi=00:su=37;41:sg=30;43:ca=30;41:tw=30;42:ow=34;42:st=37;44:ex=01;32:*.tar=01;31:*.tgz=01;31:*.arc=01;31:*.arj=01;31:*.taz=01;31:*.lha=01;31:*.lz4=01;31:*.lzh=01;31:*.lzma=01;31:*.tlz=01;31:*.txz=01;31:*.tzo=01;31:*.t7z=01;31:*.zip=01;31:*.z=01;31:*.dz=01;31:*.gz=01;31:*.lrz=01;31:*.lz=01;31:*.lzo=01;31:*.xz=01;31:*.zst=01;31:*.tzst=01;31:*.bz2=01;31:*.bz=01;31:*.tbz=01;31:*.tbz2=01;31:*.tz=01;31:*.deb=01;31:*.rpm=01;31:*.jar=01;31:*.war=01;31:*.ear=01;31:*.sar=01;31:*.rar=01;31:*.alz=01;31:*.ace=01;31:*.zoo=01;31:*.cpio=01;31:*.7z=01;31:*.rz=01;31:*.cab=01;31:*.wim=01;31:*.swm=01;31:*.dwm=01;31:*.esd=01;31:*.jpg=01;35:*.jpeg=01;35:*.mjpg=01;35:*.mjpeg=01;35:*.gif=01;35:*.bmp=01;35:*.pbm=01;35:*.pgm=01;35:*.ppm=01;35:*.tga=01;35:*.xbm=01;35:*.xpm=01;35:*.tif=01;35:*.tiff=01;35:*.png=01;35:*.svg=01;35:*.svgz=01;35:*.mng=01;35:*.pcx=01;35:*.mov=01;35:*.mpg=01;35:*.mpeg=01;35:*.m2v=01;35:*.mkv=01;35:*.webm=01;35:*.webp=01;35:*.ogm=01;35:*.mp4=01;35:*.m4v=01;35:*.mp4v=01;35:*.vob=01;35:*.qt=01;35:*.nuv=01;35:*.wmv=01;35:*.asf=01;35:*.rm=01;35:*.rmvb=01;35:*.flc=01;35:*.avi=01;35:*.fli=01;35:*.flv=01;35:*.gl=01;35:*.dl=01;35:*.xcf=01;35:*.xwd=01;35:*.yuv=01;35:*.cgm=01;35:*.emf=01;35:*.ogv=01;35:*.ogx=01;35:*.aac=00;36:*.au=00;36:*.flac=00;36:*.m4a=00;36:*.mid=00;36:*.midi=00;36:*.mka=00;36:*.mp3=00;36:*.mpc=00;36:*.ogg=00;36:*.ra=00;36:*.wav=00;36:*.oga=00;36:*.opus=00;36:*.spx=00;36:*.xspf=00;36:'), ('VSCODE_GIT_IPC_HANDLE', '/run/user/1000/vscode-git-98fcad25c7.sock'), ('TERM_PROGRAM', 'vscode'), ('SSH_AUTH_SOCK', '/tmp/ssh-XXXXXXIFOrbN/agent.1284'), ('ROS_DOMAIN_ID', '7'), ('AMENT_PREFIX_PATH', '/opt/ros/humble'), ('ORIGINAL_XDG_CURRENT_DESKTOP', 'KDE'), ('SHELL', '/bin/bash'), ('LC_NAME', 'es_ES.UTF-8'), ('QT_ACCESSIBILITY', '1'), ('LESSCLOSE', '/usr/bin/lesspipe %s %s'), ('LC_MEASUREMENT', 'es_ES.UTF-8'), ('GPG_AGENT_INFO', '/run/user/1000/gnupg/S.gpg-agent:0:1'), ('LC_IDENTIFICATION', 'es_ES.UTF-8'), ('VSCODE_GIT_ASKPASS_EXTRA_ARGS', '--ms-enable-electron-run-as-node'), ('XDG_VTNR', '1'), ('PWD', '/home/maria/ros2_coche/build/nmea_msgs'), ('XDG_CONFIG_DIRS', '/home/maria/.config/kdedefaults:/etc/xdg/xdg-plasma:/etc/xdg:/usr/share/kubuntu-default-settings/kf5-settings'), ('XDG_DATA_DIRS', '/usr/share/plasma:/usr/local/share:/usr/share:/var/lib/snapd/desktop'), ('PYTHONPATH', '/opt/ros/humble/lib/python3.10/site-packages:/opt/ros/humble/local/lib/python3.10/dist-packages'), ('LC_NUMERIC', 'C'), ('LC_PAPER', 'es_ES.UTF-8'), ('KDE_SESSION_UID', '1000'), ('COLCON', '1')]), 'shell': False}
[0.098539] (-) TimerEvent: {}
[0.199598] (-) TimerEvent: {}
[0.222962] (c4_gps) StdoutLine: {'line': b'[100%] Built target talker\n'}
[0.243671] (nmea_msgs) StdoutLine: {'line': b'-- The C compiler identification is GNU 11.3.0\n'}
[0.260577] (c4_gps) CommandEnded: {'returncode': 0}
[0.299798] (-) TimerEvent: {}
[0.342421] (c4_gps) JobProgress: {'identifier': 'c4_gps', 'progress': 'install'}
[0.373549] (c4_gps) Command: {'cmd': ['/usr/bin/cmake', '--install', '/home/maria/ros2_coche/build/c4_gps'], 'cwd': '/home/maria/ros2_coche/build/c4_gps', 'env': OrderedDict([('LESSOPEN', '| /usr/bin/lesspipe %s'), ('KDE_FULL_SESSION', 'true'), ('USER', 'maria'), ('PAM_KWALLET5_LOGIN', '/run/user/1000/kwallet5.socket'), ('LC_TIME', 'es_ES.UTF-8'), ('XDG_SEAT', 'seat0'), ('SSH_AGENT_PID', '1420'), ('XDG_SESSION_TYPE', 'x11'), ('GIT_ASKPASS', '/usr/share/code/resources/app/extensions/git/dist/askpass.sh'), ('XCURSOR_SIZE', '24'), ('SHLVL', '1'), ('LD_LIBRARY_PATH', '/opt/ros/humble/opt/rviz_ogre_vendor/lib:/opt/ros/humble/lib/x86_64-linux-gnu:/opt/ros/humble/lib'), ('HOME', '/home/maria'), ('CHROME_DESKTOP', 'code-url-handler.desktop'), ('KDE_APPLICATIONS_AS_SCOPE', '1'), ('OLDPWD', '/home/maria/ros2_coche/build/nmea_msgs'), ('TERM_PROGRAM_VERSION', '1.76.1'), ('DESKTOP_SESSION', 'plasma'), ('ROS_PYTHON_VERSION', '3'), ('GTK_RC_FILES', '/etc/gtk/gtkrc:/home/maria/.gtkrc:/home/maria/.config/gtkrc'), ('XDG_SEAT_PATH', '/org/freedesktop/DisplayManager/Seat0'), ('KDE_SESSION_VERSION', '5'), ('VSCODE_GIT_ASKPASS_MAIN', '/usr/share/code/resources/app/extensions/git/dist/askpass-main.js'), ('LC_MONETARY', 'es_ES.UTF-8'), ('VSCODE_GIT_ASKPASS_NODE', '/usr/share/code/code'), ('SYSTEMD_EXEC_PID', '1267'), ('DBUS_SESSION_BUS_ADDRESS', 'unix:path=/run/user/1000/bus'), ('COLORTERM', 'truecolor'), ('IM_CONFIG_PHASE', '1'), ('ROS_DISTRO', 'humble'), ('LOGNAME', 'maria'), ('QT_AUTO_SCREEN_SCALE_FACTOR', '0'), ('_', '/usr/bin/colcon'), ('ROS_VERSION', '2'), ('XDG_SESSION_CLASS', 'user'), ('TERM', 'xterm-256color'), ('XDG_SESSION_ID', '3'), ('ROS_LOCALHOST_ONLY', '0'), ('GTK2_RC_FILES', '/etc/gtk-2.0/gtkrc:/home/maria/.gtkrc-2.0:/home/maria/.config/gtkrc-2.0'), ('PATH', '/opt/ros/humble/bin:/usr/local/sbin:/usr/local/bin:/usr/sbin:/usr/bin:/sbin:/bin:/usr/games:/usr/local/games:/snap/bin'), ('SESSION_MANAGER', 'local/kubuntu:@/tmp/.ICE-unix/1577,unix/kubuntu:/tmp/.ICE-unix/1577'), ('XDG_SESSION_PATH', '/org/freedesktop/DisplayManager/Session1'), ('LC_ADDRESS', 'es_ES.UTF-8'), ('XDG_RUNTIME_DIR', '/run/user/1000'), ('XCURSOR_THEME', 'breeze_cursors'), ('GDK_BACKEND', 'x11'), ('DISPLAY', ':0'), ('LANG', 'en_US.UTF-8'), ('XDG_CURRENT_DESKTOP', 'KDE'), ('LC_TELEPHONE', 'es_ES.UTF-8'), ('XDG_SESSION_DESKTOP', 'KDE'), ('XAUTHORITY', '/home/maria/.Xauthority'), ('LS_COLORS', 'rs=0:di=01;34:ln=01;36:mh=00:pi=40;33:so=01;35:do=01;35:bd=40;33;01:cd=40;33;01:or=40;31;01:mi=00:su=37;41:sg=30;43:ca=30;41:tw=30;42:ow=34;42:st=37;44:ex=01;32:*.tar=01;31:*.tgz=01;31:*.arc=01;31:*.arj=01;31:*.taz=01;31:*.lha=01;31:*.lz4=01;31:*.lzh=01;31:*.lzma=01;31:*.tlz=01;31:*.txz=01;31:*.tzo=01;31:*.t7z=01;31:*.zip=01;31:*.z=01;31:*.dz=01;31:*.gz=01;31:*.lrz=01;31:*.lz=01;31:*.lzo=01;31:*.xz=01;31:*.zst=01;31:*.tzst=01;31:*.bz2=01;31:*.bz=01;31:*.tbz=01;31:*.tbz2=01;31:*.tz=01;31:*.deb=01;31:*.rpm=01;31:*.jar=01;31:*.war=01;31:*.ear=01;31:*.sar=01;31:*.rar=01;31:*.alz=01;31:*.ace=01;31:*.zoo=01;31:*.cpio=01;31:*.7z=01;31:*.rz=01;31:*.cab=01;31:*.wim=01;31:*.swm=01;31:*.dwm=01;31:*.esd=01;31:*.jpg=01;35:*.jpeg=01;35:*.mjpg=01;35:*.mjpeg=01;35:*.gif=01;35:*.bmp=01;35:*.pbm=01;35:*.pgm=01;35:*.ppm=01;35:*.tga=01;35:*.xbm=01;35:*.xpm=01;35:*.tif=01;35:*.tiff=01;35:*.png=01;35:*.svg=01;35:*.svgz=01;35:*.mng=01;35:*.pcx=01;35:*.mov=01;35:*.mpg=01;35:*.mpeg=01;35:*.m2v=01;35:*.mkv=01;35:*.webm=01;35:*.webp=01;35:*.ogm=01;35:*.mp4=01;35:*.m4v=01;35:*.mp4v=01;35:*.vob=01;35:*.qt=01;35:*.nuv=01;35:*.wmv=01;35:*.asf=01;35:*.rm=01;35:*.rmvb=01;35:*.flc=01;35:*.avi=01;35:*.fli=01;35:*.flv=01;35:*.gl=01;35:*.dl=01;35:*.xcf=01;35:*.xwd=01;35:*.yuv=01;35:*.cgm=01;35:*.emf=01;35:*.ogv=01;35:*.ogx=01;35:*.aac=00;36:*.au=00;36:*.flac=00;36:*.m4a=00;36:*.mid=00;36:*.midi=00;36:*.mka=00;36:*.mp3=00;36:*.mpc=00;36:*.ogg=00;36:*.ra=00;36:*.wav=00;36:*.oga=00;36:*.opus=00;36:*.spx=00;36:*.xspf=00;36:'), ('VSCODE_GIT_IPC_HANDLE', '/run/user/1000/vscode-git-98fcad25c7.sock'), ('TERM_PROGRAM', 'vscode'), ('SSH_AUTH_SOCK', '/tmp/ssh-XXXXXXIFOrbN/agent.1284'), ('ROS_DOMAIN_ID', '7'), ('AMENT_PREFIX_PATH', '/opt/ros/humble'), ('ORIGINAL_XDG_CURRENT_DESKTOP', 'KDE'), ('SHELL', '/bin/bash'), ('LC_NAME', 'es_ES.UTF-8'), ('QT_ACCESSIBILITY', '1'), ('LESSCLOSE', '/usr/bin/lesspipe %s %s'), ('LC_MEASUREMENT', 'es_ES.UTF-8'), ('GPG_AGENT_INFO', '/run/user/1000/gnupg/S.gpg-agent:0:1'), ('LC_IDENTIFICATION', 'es_ES.UTF-8'), ('VSCODE_GIT_ASKPASS_EXTRA_ARGS', '--ms-enable-electron-run-as-node'), ('XDG_VTNR', '1'), ('PWD', '/home/maria/ros2_coche/build/c4_gps'), ('XDG_CONFIG_DIRS', '/home/maria/.config/kdedefaults:/etc/xdg/xdg-plasma:/etc/xdg:/usr/share/kubuntu-default-settings/kf5-settings'), ('XDG_DATA_DIRS', '/usr/share/plasma:/usr/local/share:/usr/share:/var/lib/snapd/desktop'), ('PYTHONPATH', '/opt/ros/humble/lib/python3.10/site-packages:/opt/ros/humble/local/lib/python3.10/dist-packages'), ('LC_NUMERIC', 'C'), ('LC_PAPER', 'es_ES.UTF-8'), ('KDE_SESSION_UID', '1000'), ('COLCON', '1'), ('CMAKE_PREFIX_PATH', '/opt/ros/humble')]), 'shell': False}
[0.398603] (c4_gps) StdoutLine: {'line': b'-- Install configuration: ""\n'}
[0.399516] (c4_gps) StdoutLine: {'line': b'-- Installing: /home/maria/ros2_coche/install/c4_gps/lib/c4_gps/talker\n'}
[0.400005] (-) TimerEvent: {}
[0.406076] (c4_gps) StdoutLine: {'line': b'-- Set runtime path of "/home/maria/ros2_coche/install/c4_gps/lib/c4_gps/talker" to ""\n'}
[0.407150] (c4_gps) StdoutLine: {'line': b'-- Up-to-date: /home/maria/ros2_coche/install/c4_gps/share/ament_index/resource_index/package_run_dependencies/c4_gps\n'}
[0.407917] (c4_gps) StdoutLine: {'line': b'-- Up-to-date: /home/maria/ros2_coche/install/c4_gps/share/ament_index/resource_index/parent_prefix_path/c4_gps\n'}
[0.408408] (c4_gps) StdoutLine: {'line': b'-- Up-to-date: /home/maria/ros2_coche/install/c4_gps/share/c4_gps/environment/ament_prefix_path.sh\n'}
[0.409050] (c4_gps) StdoutLine: {'line': b'-- Up-to-date: /home/maria/ros2_coche/install/c4_gps/share/c4_gps/environment/ament_prefix_path.dsv\n'}
[0.409467] (c4_gps) StdoutLine: {'line': b'-- Up-to-date: /home/maria/ros2_coche/install/c4_gps/share/c4_gps/environment/path.sh\n'}
[0.409901] (c4_gps) StdoutLine: {'line': b'-- Up-to-date: /home/maria/ros2_coche/install/c4_gps/share/c4_gps/environment/path.dsv\n'}
[0.410325] (c4_gps) StdoutLine: {'line': b'-- Up-to-date: /home/maria/ros2_coche/install/c4_gps/share/c4_gps/local_setup.bash\n'}
[0.410742] (c4_gps) StdoutLine: {'line': b'-- Up-to-date: /home/maria/ros2_coche/install/c4_gps/share/c4_gps/local_setup.sh\n'}
[0.411157] (c4_gps) StdoutLine: {'line': b'-- Up-to-date: /home/maria/ros2_coche/install/c4_gps/share/c4_gps/local_setup.zsh\n'}
[0.411581] (c4_gps) StdoutLine: {'line': b'-- Up-to-date: /home/maria/ros2_coche/install/c4_gps/share/c4_gps/local_setup.dsv\n'}
[0.412136] (c4_gps) StdoutLine: {'line': b'-- Installing: /home/maria/ros2_coche/install/c4_gps/share/c4_gps/package.dsv\n'}
[0.413266] (c4_gps) StdoutLine: {'line': b'-- Up-to-date: /home/maria/ros2_coche/install/c4_gps/share/ament_index/resource_index/packages/c4_gps\n'}
[0.413596] (c4_gps) StdoutLine: {'line': b'-- Up-to-date: /home/maria/ros2_coche/install/c4_gps/share/c4_gps/cmake/c4_gpsConfig.cmake\n'}
[0.413867] (c4_gps) StdoutLine: {'line': b'-- Up-to-date: /home/maria/ros2_coche/install/c4_gps/share/c4_gps/cmake/c4_gpsConfig-version.cmake\n'}
[0.414128] (c4_gps) StdoutLine: {'line': b'-- Up-to-date: /home/maria/ros2_coche/install/c4_gps/share/c4_gps/package.xml\n'}
[0.419494] (c4_gps) CommandEnded: {'returncode': 0}
[0.464096] (nmea_msgs) StdoutLine: {'line': b'-- The CXX compiler identification is GNU 11.3.0\n'}
[0.481575] (nmea_msgs) StdoutLine: {'line': b'-- Detecting C compiler ABI info\n'}
[0.500193] (-) TimerEvent: {}
[0.597396] (c4_gps) JobEnded: {'identifier': 'c4_gps', 'rc': 0}
[0.600360] (-) TimerEvent: {}
[0.701072] (-) TimerEvent: {}
[0.725589] (nmea_msgs) StdoutLine: {'line': b'-- Detecting C compiler ABI info - done\n'}
[0.761252] (nmea_msgs) StdoutLine: {'line': b'-- Check for working C compiler: /usr/bin/cc - skipped\n'}
[0.762206] (nmea_msgs) StdoutLine: {'line': b'-- Detecting C compile features\n'}
[0.763678] (nmea_msgs) StdoutLine: {'line': b'-- Detecting C compile features - done\n'}
[0.775165] (nmea_msgs) StdoutLine: {'line': b'-- Detecting CXX compiler ABI info\n'}
[0.801275] (-) TimerEvent: {}
[0.901890] (-) TimerEvent: {}
[1.002464] (-) TimerEvent: {}
[1.070366] (nmea_msgs) StdoutLine: {'line': b'-- Detecting CXX compiler ABI info - done\n'}
[1.101724] (nmea_msgs) StdoutLine: {'line': b'-- Check for working CXX compiler: /usr/bin/c++ - skipped\n'}
[1.102576] (-) TimerEvent: {}
[1.103155] (nmea_msgs) StdoutLine: {'line': b'-- Detecting CXX compile features\n'}
[1.104503] (nmea_msgs) StdoutLine: {'line': b'-- Detecting CXX compile features - done\n'}
[1.111973] (nmea_msgs) StdoutLine: {'line': b'-- Found ament_cmake: 1.3.3 (/opt/ros/humble/share/ament_cmake/cmake)\n'}
[1.202769] (-) TimerEvent: {}
[1.303327] (-) TimerEvent: {}
[1.403912] (-) TimerEvent: {}
[1.504471] (-) TimerEvent: {}
[1.605165] (-) TimerEvent: {}
[1.685023] (nmea_msgs) StdoutLine: {'line': b'-- Found Python3: /usr/bin/python3.10 (found version "3.10.6") found components: Interpreter \n'}
[1.705325] (-) TimerEvent: {}
[1.805862] (-) TimerEvent: {}
[1.906441] (-) TimerEvent: {}
[1.912997] (nmea_msgs) StdoutLine: {'line': b'-- Found std_msgs: 4.2.3 (/opt/ros/humble/share/std_msgs/cmake)\n'}
[2.006641] (-) TimerEvent: {}
[2.023877] (nmea_msgs) StdoutLine: {'line': b'-- Found rosidl_generator_c: 3.1.4 (/opt/ros/humble/share/rosidl_generator_c/cmake)\n'}
[2.040071] (nmea_msgs) StdoutLine: {'line': b'-- Found rosidl_adapter: 3.1.4 (/opt/ros/humble/share/rosidl_adapter/cmake)\n'}
[2.067431] (nmea_msgs) StdoutLine: {'line': b'-- Found rosidl_generator_cpp: 3.1.4 (/opt/ros/humble/share/rosidl_generator_cpp/cmake)\n'}
[2.106817] (-) TimerEvent: {}
[2.107763] (nmea_msgs) StdoutLine: {'line': b'-- Using all available rosidl_typesupport_c: rosidl_typesupport_fastrtps_c;rosidl_typesupport_introspection_c\n'}
[2.161548] (nmea_msgs) StdoutLine: {'line': b'-- Using all available rosidl_typesupport_cpp: rosidl_typesupport_fastrtps_cpp;rosidl_typesupport_introspection_cpp\n'}
[2.206935] (-) TimerEvent: {}
[2.289282] (nmea_msgs) StdoutLine: {'line': b'-- Found rosidl_default_generators: 1.2.0 (/opt/ros/humble/share/rosidl_default_generators/cmake)\n'}
[2.307094] (-) TimerEvent: {}
[2.407572] (-) TimerEvent: {}
[2.508060] (-) TimerEvent: {}
[2.608598] (-) TimerEvent: {}
[2.709120] (-) TimerEvent: {}
[2.809647] (-) TimerEvent: {}
[2.910151] (-) TimerEvent: {}
[3.010682] (-) TimerEvent: {}
[3.029800] (nmea_msgs) StderrLine: {'line': b"Error parsing '/home/maria/ros2_coche/src/nmea_msgs/package.xml':\n"}
[3.110871] (-) TimerEvent: {}
[3.184699] (nmea_msgs) StderrLine: {'line': b'Traceback (most recent call last):\n'}
[3.185135] (nmea_msgs) StderrLine: {'line': b'  File "/usr/lib/python3/dist-packages/catkin_pkg/package.py", line 610, in parse_package_string\n'}
[3.185624] (nmea_msgs) StderrLine: {'line': b'    root = dom.parseString(data)\n'}
[3.185934] (nmea_msgs) StderrLine: {'line': b'  File "/usr/lib/python3.10/xml/dom/minidom.py", line 1998, in parseString\n'}
[3.186402] (nmea_msgs) StderrLine: {'line': b'    return expatbuilder.parseString(string)\n'}
[3.186712] (nmea_msgs) StderrLine: {'line': b'  File "/usr/lib/python3.10/xml/dom/expatbuilder.py", line 925, in parseString\n'}
[3.187321] (nmea_msgs) StderrLine: {'line': b'    return builder.parseString(string)\n'}
[3.187844] (nmea_msgs) StderrLine: {'line': b'  File "/usr/lib/python3.10/xml/dom/expatbuilder.py", line 223, in parseString\n'}
[3.188344] (nmea_msgs) StderrLine: {'line': b'    parser.Parse(string, True)\n'}
[3.188649] (nmea_msgs) StderrLine: {'line': b'xml.parsers.expat.ExpatError: mismatched tag: line 23, column 2\n'}
[3.188870] (nmea_msgs) StderrLine: {'line': b'\n'}
[3.189065] (nmea_msgs) StderrLine: {'line': b'During handling of the above exception, another exception occurred:\n'}
[3.189258] (nmea_msgs) StderrLine: {'line': b'\n'}
[3.189448] (nmea_msgs) StderrLine: {'line': b'Traceback (most recent call last):\n'}
[3.189637] (nmea_msgs) StderrLine: {'line': b'  File "/opt/ros/humble/share/ament_cmake_core/cmake/core/package_xml_2_cmake.py", line 150, in <module>\n'}
[3.189827] (nmea_msgs) StderrLine: {'line': b'    main()\n'}
[3.190013] (nmea_msgs) StderrLine: {'line': b'  File "/opt/ros/humble/share/ament_cmake_core/cmake/core/package_xml_2_cmake.py", line 53, in main\n'}
[3.190204] (nmea_msgs) StderrLine: {'line': b'    raise e\n'}
[3.190391] (nmea_msgs) StderrLine: {'line': b'  File "/opt/ros/humble/share/ament_cmake_core/cmake/core/package_xml_2_cmake.py", line 49, in main\n'}
[3.190578] (nmea_msgs) StderrLine: {'line': b'    package = parse_package_string(\n'}
[3.190765] (nmea_msgs) StderrLine: {'line': b'  File "/usr/lib/python3/dist-packages/catkin_pkg/package.py", line 612, in parse_package_string\n'}
[3.190959] (nmea_msgs) StderrLine: {'line': b"    raise InvalidPackage('The manifest contains invalid XML:\\n%s' % ex, filename)\n"}
[3.191151] (nmea_msgs) StderrLine: {'line': b"catkin_pkg.package.InvalidPackage: Error(s) in package '/home/maria/ros2_coche/src/nmea_msgs/package.xml':\n"}
[3.191348] (nmea_msgs) StderrLine: {'line': b'The manifest contains invalid XML:\n'}
[3.191538] (nmea_msgs) StderrLine: {'line': b'mismatched tag: line 23, column 2\n'}
[3.211079] (-) TimerEvent: {}
[3.232765] (nmea_msgs) StderrLine: {'line': b'\x1b[31mCMake Error at /opt/ros/humble/share/ament_cmake_core/cmake/core/ament_package_xml.cmake:95 (message):\n'}
[3.233305] (nmea_msgs) StderrLine: {'line': b'  execute_process(/usr/bin/python3.10\n'}
[3.233607] (nmea_msgs) StderrLine: {'line': b'  /opt/ros/humble/share/ament_cmake_core/cmake/core/package_xml_2_cmake.py\n'}
[3.234208] (nmea_msgs) StderrLine: {'line': b'  /home/maria/ros2_coche/src/nmea_msgs/package.xml\n'}
[3.234498] (nmea_msgs) StderrLine: {'line': b'  /home/maria/ros2_coche/build/nmea_msgs/ament_cmake_core/package.cmake)\n'}
[3.234746] (nmea_msgs) StderrLine: {'line': b'  returned error code 1\n'}
[3.234982] (nmea_msgs) StderrLine: {'line': b'Call Stack (most recent call first):\n'}
[3.235212] (nmea_msgs) StderrLine: {'line': b'  /opt/ros/humble/share/ament_cmake_core/cmake/core/ament_package_xml.cmake:49 (_ament_package_xml)\n'}
[3.235441] (nmea_msgs) StderrLine: {'line': b'  /opt/ros/humble/share/rosidl_cmake/cmake/rosidl_generate_interfaces.cmake:226 (ament_package_xml)\n'}
[3.235665] (nmea_msgs) StderrLine: {'line': b'  CMakeLists.txt:21 (rosidl_generate_interfaces)\n'}
[3.235914] (nmea_msgs) StderrLine: {'line': b'\n'}
[3.236144] (nmea_msgs) StderrLine: {'line': b'\x1b[0m\n'}
[3.236369] (nmea_msgs) StdoutLine: {'line': b'-- Configuring incomplete, errors occurred!\n'}
[3.236769] (nmea_msgs) StdoutLine: {'line': b'See also "/home/maria/ros2_coche/build/nmea_msgs/CMakeFiles/CMakeOutput.log".\n'}
[3.259374] (nmea_msgs) CommandEnded: {'returncode': 1}
[3.261713] (nmea_msgs) JobEnded: {'identifier': 'nmea_msgs', 'rc': 1}
[3.273547] (-) EventReactorShutdown: {}
