[0.023s] Invoking command in '/home/maria/ros2_coche/build/nmea_msgs': /usr/bin/cmake /home/maria/ros2_coche/src/nmea_msgs -DCMAKE_INSTALL_PREFIX=/home/maria/ros2_coche/install/nmea_msgs
[0.044s] -- Found ament_cmake: 1.3.3 (/opt/ros/humble/share/ament_cmake/cmake)
[0.561s] -- Found std_msgs: 4.2.3 (/opt/ros/humble/share/std_msgs/cmake)
[0.660s] -- Found rosidl_generator_c: 3.1.4 (/opt/ros/humble/share/rosidl_generator_c/cmake)
[0.670s] -- Found rosidl_adapter: 3.1.4 (/opt/ros/humble/share/rosidl_adapter/cmake)
[0.694s] -- Found rosidl_generator_cpp: 3.1.4 (/opt/ros/humble/share/rosidl_generator_cpp/cmake)
[0.742s] -- Using all available rosidl_typesupport_c: rosidl_typesupport_fastrtps_c;rosidl_typesupport_introspection_c
[0.792s] -- Using all available rosidl_typesupport_cpp: rosidl_typesupport_fastrtps_cpp;rosidl_typesupport_introspection_cpp
[0.887s] -- Found rosidl_default_generators: 1.2.0 (/opt/ros/humble/share/rosidl_default_generators/cmake)
[1.437s] Error parsing '/home/maria/ros2_coche/src/nmea_msgs/package.xml':
[1.531s] Traceback (most recent call last):
[1.531s]   File "/usr/lib/python3/dist-packages/catkin_pkg/package.py", line 610, in parse_package_string
[1.531s]     root = dom.parseString(data)
[1.532s]   File "/usr/lib/python3.10/xml/dom/minidom.py", line 1998, in parseString
[1.532s]     return expatbuilder.parseString(string)
[1.532s]   File "/usr/lib/python3.10/xml/dom/expatbuilder.py", line 925, in parseString
[1.532s]     return builder.parseString(string)
[1.533s]   File "/usr/lib/python3.10/xml/dom/expatbuilder.py", line 223, in parseString
[1.533s]     parser.Parse(string, True)
[1.533s] xml.parsers.expat.ExpatError: mismatched tag: line 24, column 2
[1.533s] 
[1.533s] During handling of the above exception, another exception occurred:
[1.534s] 
[1.534s] Traceback (most recent call last):
[1.534s]   File "/opt/ros/humble/share/ament_cmake_core/cmake/core/package_xml_2_cmake.py", line 150, in <module>
[1.534s]     main()
[1.534s]   File "/opt/ros/humble/share/ament_cmake_core/cmake/core/package_xml_2_cmake.py", line 53, in main
[1.534s]     raise e
[1.535s]   File "/opt/ros/humble/share/ament_cmake_core/cmake/core/package_xml_2_cmake.py", line 49, in main
[1.535s]     package = parse_package_string(
[1.535s]   File "/usr/lib/python3/dist-packages/catkin_pkg/package.py", line 612, in parse_package_string
[1.535s]     raise InvalidPackage('The manifest contains invalid XML:\n%s' % ex, filename)
[1.535s] catkin_pkg.package.InvalidPackage: Error(s) in package '/home/maria/ros2_coche/src/nmea_msgs/package.xml':
[1.536s] The manifest contains invalid XML:
[1.536s] mismatched tag: line 24, column 2
[1.553s] [31mCMake Error at /opt/ros/humble/share/ament_cmake_core/cmake/core/ament_package_xml.cmake:95 (message):
[1.553s]   execute_process(/usr/bin/python3.10
[1.553s]   /opt/ros/humble/share/ament_cmake_core/cmake/core/package_xml_2_cmake.py
[1.553s]   /home/maria/ros2_coche/src/nmea_msgs/package.xml
[1.553s]   /home/maria/ros2_coche/build/nmea_msgs/ament_cmake_core/package.cmake)
[1.554s]   returned error code 1
[1.554s] Call Stack (most recent call first):
[1.554s]   /opt/ros/humble/share/ament_cmake_core/cmake/core/ament_package_xml.cmake:49 (_ament_package_xml)
[1.554s]   /opt/ros/humble/share/rosidl_cmake/cmake/rosidl_generate_interfaces.cmake:226 (ament_package_xml)
[1.554s]   CMakeLists.txt:10 (rosidl_generate_interfaces)
[1.554s] 
[1.554s] [0m
[1.554s] -- Configuring incomplete, errors occurred!
[1.554s] See also "/home/maria/ros2_coche/build/nmea_msgs/CMakeFiles/CMakeOutput.log".
[1.561s] Invoked command in '/home/maria/ros2_coche/build/nmea_msgs' returned '1': /usr/bin/cmake /home/maria/ros2_coche/src/nmea_msgs -DCMAKE_INSTALL_PREFIX=/home/maria/ros2_coche/install/nmea_msgs
